{
  "timestamp": "2020-05-01T13:39:07Z",
  "version": "1.5.2",
  "system": {
    "min_loglevel": 300,
    "metrics_rate_sec": 300,
    "operation": { }
  },
  "gateway": {
    "target": {
      "addr": "0x65",
      "family": "vendor"
    }
  },
  "localnet": {
    "families": {
      "vendor": { }
    }
  },
  "pointset": {
    "points": {
      "filter_alarm_pressure_status": {
        "ref": "MCN8.present_value",
        "units": "No-units"
      },
      "filter_differential_pressure": {
        "ref": "AI2.differential",
        "units": "Bar√©"
      },
      "filter_differential_pressure_sensor": {
        "ref": "AI1.present_value",
        "units": "Degrees-Celsius"
      }
    }
  }
}