{
  "timestamp": "2021-10-13T13:32:46Z",
  "version": "1.5.1",
  "upgraded_from": "1",
  "hash": "b571f6f4",
  "system": {
    "tags": [ ],
    "location": {
      "site": "TW-NTC-TPKD",
      "section": "NTC-TPKD",
      "position": {
        "x": 0.0,
        "y": 0.0
      }
    },
    "physical_tag": {
      "asset": {
        "guid": "uuid://a8b99bdb-a746-40ec-9200-2030a16263ee",
        "site": "TW-NTC-TPKD",
        "name": "LT-722"
      }
    },
    "min_loglevel": 300
  },
  "gateway": {
    "gateway_id": "LTGW-28",
    "group_ids": [ ]
  },
  "pointset": {
    "points": {
      "dimmer_percentage_command": {
        "units": "Percent",
        "tags": [ ]
      }
    }
  }
}