Exceptions for GAT-123
  While loading credentials for local device GAT-123
    Found 0 credentials
  expected files
    Missing files: [ec_private.pem, ec_private.pkcs8, ec_public.pem]
