While converting to json node: 1 schema violations found
  1 schema violations found
    object instance has properties which are not allowed by the schema: ["prediction"]
