{
  "timestamp" : "REDACTED_TIMESTAMP",
  "version" : "1.5.2",
  "sub_folder" : "pointset",
  "sub_type" : "events",
  "status" : {
    "message" : "Device has points out of range: room_co2_sensor: present_value 4000.0 greater than range_max 1200.0, room_temperature_sensor: present_value -100.0 lower than range_min 0.0, room_humidity_sensor: present_value 1235.0 greater than range_max 100.0",
    "detail" : "While validating pointset message at REDACTED_TIMESTAMP",
    "category" : "validation.device.schema",
    "timestamp" : "REDACTED_TIMESTAMP",
    "level" : 500
  },
  "pointset" : {
    "missing" : [ ],
    "extra" : [ ]
  },
  "errors" : [ {
    "message" : "Device has points out of range: room_co2_sensor: present_value 4000.0 greater than range_max 1200.0, room_temperature_sensor: present_value -100.0 lower than range_min 0.0, room_humidity_sensor: present_value 1235.0 greater than range_max 100.0",
    "detail" : "While validating pointset message at REDACTED_TIMESTAMP",
    "category" : "validation.device.schema",
    "timestamp" : "REDACTED_TIMESTAMP",
    "level" : 500
  } ]
}
