{
  "gateway" : { },
  "system" : {
    "software" : {
      "firmware" : "4.12.0.156"
    },
    "operation" : {
      "last_start" : "2022-11-09T15:14:29.181Z",
      "operational" : true
    },
    "serial_no" : "3637357",
    "last_config" : "2022-11-06T21:30:39.000Z",
    "hardware" : {
      "model" : "Jace",
      "make" : "Tridium"
    }
  },
  "timestamp" : "1999-10-20T01:02:03Z",
  "version" : "1.5.2"
}