Exceptions for AHU-1
  While loading credentials for local device AHU-1
    Found 0 credentials
  1 schema violations found
    /system/location/site: ECMA 262 regex "^[A-Z]{2}-[A-Z]{3}-[A-Z0-9]{2,9}$" does not match input string "ZZ-TRI-FECTA-AHU"
  devices/AHU-1
    Missing files: [rsa_private.pem, rsa_private.pkcs8, rsa_public.pem]
