Credential
java.lang.RuntimeException: While loading credentials for local device AHU-1
	REDACTED
Caused by: java.lang.RuntimeException: Found 0 credentials
Files
com.google.daq.mqtt.util.ExceptionMap: expected files
	REDACTED
