{
  "timestamp": "2020-05-01T13:39:07Z",
  "version": "1.4.2",
  "system": {
    "min_loglevel": 300,
    "metrics_rate_sec": 600,
    "operation": { }
  },
  "localnet": {
    "families": {
      "ether": {
        "addr": "00:50:b6:ed:5f:77"
      },
      "ipv4": {
        "addr": "192.168.2.1"
      }
    }
  },
  "pointset": {
    "points": {
      "filter_alarm_pressure_status": {
        "ref": "BV11.present_value",
        "units": "No-units"
      },
      "filter_differential_pressure_sensor": {
        "ref": "AV12.present_value",
        "units": "Degrees-Celsius"
      },
      "filter_differential_pressure_setpoint": {
        "units": "Bars",
        "set_value": 98
      }
    }
  }
}