{
  "timestamp": "2018-08-26T21:39:29Z",
  "version": "1.5.2",
  "upgraded_from": "1.3.14",
  "hash": "22a513c8",
  "cloud": {
    "auth_type": "RS256"
  },
  "system": {
    "tags": [ ],
    "location": {
      "site": "US-SFO-XYY",
      "position": {
        "x": 8787.151945,
        "y": 32853.93792,
        "z": 5544.2
      }
    },
    "physical_tag": {
      "asset": {
        "guid": "bim://04aEp5ymD_$u5IxhJN2aGi",
        "site": "US-SFO-XYY",
        "name": "AHU-1"
      }
    },
    "min_loglevel": 300
  },
  "gateway": {
    "target": {
      "family": "bacnet"
    }
  },
  "localnet": {
    "families": {
      "bacnet": {
        "addr": "1011001"
      }
    }
  },
  "pointset": {
    "points": {
      "chiller_fault_status": {
        "units": "no_units",
        "tags": [ ]
      },
      "chiller_run_status": {
        "units": "no_units",
        "tags": [ ]
      },
      "cooling_water_primary_return_temperature_sensor": {
        "units": "degrees-celcius",
        "tags": [ ]
      },
      "cooling_water_primary_supply_temperature_sensor": {
        "units": "degrees-celcius",
        "tags": [ ]
      },
      "cooling_water_secondary_pump_differential_pressure_status": {
        "units": "no_units",
        "tags": [ ]
      },
      "cooling_water_secondary_pump_fault_status_1": {
        "units": "no_units",
        "tags": [ ]
      },
      "cooling_water_secondary_pump_fault_status_2": {
        "units": "no_units",
        "tags": [ ]
      },
      "cooling_water_secondary_pump_run_command_1": {
        "units": "no_units",
        "tags": [ ]
      },
      "cooling_water_secondary_pump_run_command_2": {
        "units": "no_units",
        "tags": [ ]
      },
      "cooling_water_secondary_return_temperature_sensor": {
        "units": "degrees-celcius",
        "tags": [ ]
      },
      "cooling_water_secondary_supply_temperature_sensor": {
        "units": "degrees-celcius",
        "tags": [ ]
      },
      "cooling_water_system_pressurization_unit_status": {
        "units": "no_units",
        "tags": [ ]
      }
    }
  }
}