{
  "timestamp": "2020-05-01T13:39:07Z",
  "version": "1.5.2",
  "hash": "7e3911bb",
  "cloud": {
    "connection_type": "GATEWAY",
    "auth_type": "ES256"
  }
}