{
  "timestamp": "2024-06-11T08:31:26Z",
  "version": "1.4.0",
  "system": {
    "min_loglevel": 300,
    "metrics_rate_sec": 10,
    "operation": { }
  },
  "gateway": { },
  "localnet": {
    "families": {
      "bacnet": { },
      "vendor": {
        "addr": "monkey"
      }
    }
  },
  "pointset": {
    "points": {
      "cooling_water_valve_percentage_command": {
        "ref": "AO10.Present_Value",
        "units": "percent"
      },
      "cooling_water_valve_percentage_sensor": {
        "ref": "AI9.Present_Value",
        "units": "percent"
      },
      "exhaust_air_damper_command": {
        "ref": "BO2.Present_Value",
        "units": "No-units"
      },
      "exhaust_air_static_pressure_sensor": {
        "ref": "AI6.Present_Value",
        "units": "pascals"
      },
      "exhaust_fan_run_command": {
        "ref": "BO5.Present_Value",
        "units": "No-units"
      },
      "exhaust_fan_speed_percentage_command": {
        "ref": "AO6.Present_Value",
        "units": "percent"
      },
      "exhaust_fan_speed_percentage_sensor": {
        "ref": "AI5.Present_Value",
        "units": "percent"
      },
      "exhaust_fan_speed_percentage_setpoint": {
        "ref": "AV3.Present_Value",
        "units": "percent"
      },
      "exhaust_filter_differential_pressure_sensor": {
        "ref": "AI4.Present_Value",
        "units": "pascals"
      },
      "fire_alarm": {
        "ref": "BI3.Present_Value",
        "units": "No-units"
      },
      "heating_water_valve_percentage_command": {
        "ref": "AO9.Present_Value",
        "units": "percent"
      },
      "heating_water_valve_percentage_sensor": {
        "ref": "AI10.Present_Value",
        "units": "percent"
      },
      "outside_air_temperature_sensor": {
        "ref": "AI17.Present_Value",
        "units": "degrees-celcius"
      },
      "return_air_temperature_sensor": {
        "ref": "AI3.Present_Value",
        "units": "degrees-celcius"
      },
      "supply_air_damper_command": {
        "ref": "BO1.Present_Value",
        "units": "No-units"
      },
      "supply_air_static_pressure_sensor": {
        "ref": "AI3.Present_Value",
        "units": "pascals"
      },
      "supply_air_temperature_sensor": {
        "ref": "AI12.Present_Value",
        "units": "degrees-celcius"
      },
      "supply_air_temperature_setpoint": {
        "ref": "AI20.Present_Value",
        "units": "degrees-celcius"
      },
      "supply_fan_run_command": {
        "ref": "BO3.Present_Value",
        "units": "No-units"
      },
      "supply_fan_speed_percentage_command": {
        "ref": "AO4.Present_Value",
        "units": "percent"
      },
      "supply_fan_speed_percentage_sensor": {
        "ref": "AI2.Present_Value",
        "units": "percent"
      },
      "supply_fan_speed_percentage_setpoint": {
        "ref": "AV2.Present_Value",
        "units": "percent"
      },
      "supply_filter_differential_pressure_sensor": {
        "ref": "AI1.Present_Value",
        "units": "pascals"
      }
    }
  },
  "downgraded_from": "1.5.2"
}