{
  "timestamp": "2021-10-13T13:32:46Z",
  "version": "1.5.1",
  "upgraded_from": "1",
  "hash": "817f4c51",
  "system": {
    "tags": [ ],
    "location": {
      "site": "TW-NTC-TPKD",
      "section": "NTC-TPKD",
      "position": {
        "x": 0.0,
        "y": 0.0
      }
    },
    "physical_tag": {
      "asset": {
        "guid": "uuid://5196e5ee-a773-4add-ba8b-45bee78e474d",
        "site": "TW-NTC-TPKD",
        "name": "LT-728"
      }
    },
    "min_loglevel": 300
  },
  "gateway": {
    "gateway_id": "LTGW-28",
    "group_ids": [ "LGRP-725" ]
  },
  "pointset": {
    "points": {
      "dimmer_percentage_command": {
        "units": "Percent",
        "tags": [ ]
      }
    }
  }
}