Credential
java.lang.RuntimeException: While loading credentials for local device DWN-1
	at com.google.daq.mqtt.registrar.LocalDevice.loadCredentials(LocalDevice.java:396)
	at com.google.daq.mqtt.registrar.Registrar.loadDevices(Registrar.java:633)
	at com.google.daq.mqtt.registrar.Registrar.loadLocalDevices(Registrar.java:551)
	at com.google.daq.mqtt.registrar.Registrar.processDevices(Registrar.java:262)
	at com.google.daq.mqtt.registrar.Registrar.processDevices(Registrar.java:254)
	at com.google.daq.mqtt.registrar.Registrar.main(Registrar.java:112)
Caused by: java.lang.RuntimeException: Found 0 credentials
	at com.google.daq.mqtt.registrar.LocalDevice.loadCredentials(LocalDevice.java:393)
	... 5 more
Files
com.google.daq.mqtt.util.ExceptionMap: devices/DWN-1
	at com.google.daq.mqtt.registrar.LocalDevice.validateExpected(LocalDevice.java:241)
	at com.google.daq.mqtt.registrar.Registrar.validateExpected(Registrar.java:577)
	at com.google.daq.mqtt.registrar.Registrar.loadLocalDevices(Registrar.java:555)
	at com.google.daq.mqtt.registrar.Registrar.processDevices(Registrar.java:262)
	at com.google.daq.mqtt.registrar.Registrar.processDevices(Registrar.java:254)
	at com.google.daq.mqtt.registrar.Registrar.main(Registrar.java:112)
