{
  "timestamp": "2020-05-01T13:39:07Z",
  "version": "1.3.14",
  "hash": "1064d284",
  "cloud": {
    "auth_type": "RS256"
  },
  "system": {
    "location": {
      "site": "AA-TEST-SITE",
      "section": "2-3N8C",
      "position": {
        "x": -111.0,
        "y": 102.3
      }
    },
    "min_loglevel": 300
  },
  "localnet": {
    "families": {
      "virtual": {
        "id": "0x65"
      }
    }
  },
  "pointset": {
    "points": {
      "filter_alarm_pressure_status": {
        "units": "No-units",
        "ref": "BV11.present_value"
      },
      "filter_differential_pressure": {
        "units": "Bars"
      },
      "filter_differential_pressure_sensor": {
        "units": "Degrees-Celsius",
        "ref": "AV12.present_value"
      }
    }
  }
}