{
  "timestamp" : "1999-10-20T01:02:03Z",
  "version" : "1.4.1",
  "sub_folder" : "pointset",
  "sub_type" : "event",
  "status" : {
    "message" : "Device has missing points: filter_differential_pressure_setpoint",
    "detail" : "event_pointset: Device has missing points: filter_differential_pressure_setpoint",
    "category" : "validation.device.schema",
    "timestamp" : "1999-10-20T01:02:03Z",
    "level" : 500
  },
  "pointset" : {
    "missing" : [ "filter_differential_pressure_setpoint" ],
    "extra" : [ ]
  },
  "errors" : [ {
    "message" : "Device has missing points: filter_differential_pressure_setpoint",
    "detail" : "event_pointset: Device has missing points: filter_differential_pressure_setpoint",
    "category" : "validation.device.schema",
    "timestamp" : "1999-10-20T01:02:03Z",
    "level" : 500
  } ]
}
