Validating 1 schemas
  Validating 1 files against metadata.json
    Against input metadata.tests/empty.json
      1 schema violations found
        object has missing required properties (["system","timestamp","version"])
