Validating 1 schemas
  Validating 1 files against metadata.json
    Against input metadata.tests/errors.json
      7 schema violations found
        ECMA 262 regex "^[A-Z]{2,6}-[0-9]{1,6}$" does not match input string "AHU-A01_extension11-option"
        ECMA 262 regex "^[A-Z]{2}-[A-Z]{3}-[A-Z0-9]{2,9}$" does not match input string "New Zealand"
        ECMA 262 regex "^[A-Z]{2}-[A-Z]{3}-[A-Z0-9]{2,9}$" does not match input string "US-SFO-XYY_Noope!"
        object has missing required properties (["guid"])
        object instance has properties which are not allowed by the schema: ["guid"]
        object instance has properties which are not allowed by the schema: ["monkeys"]
        object instance has properties which are not allowed by the schema: ["rabbits"]
