{
  "timestamp" : "1999-10-20T01:02:03Z",
  "version" : "1.4.1",
  "sub_folder" : "gateway",
  "sub_type" : "state",
  "status" : {
    "message" : "Successful validation",
    "category" : "validation.device.receive",
    "timestamp" : "1999-10-20T01:02:03Z",
    "level" : 200
  },
  "errors" : [ ]
}
