{
  "timestamp": "2020-05-01T13:39:07Z",
  "version": "1.5.2",
  "hash": "d1a93ccf",
  "system": {
    "location": {
      "site": "ZZ-TRI-FECTA",
      "section": "2-3N8C"
    },
    "physical_tag": {
      "asset": {
        "guid": "drw://TBA",
        "site": "ZZ-TRI-FECTA",
        "name": "SNS-8"
      }
    },
    "min_loglevel": 300
  },
  "gateway": {
    "gateway_id": "GAT-123"
  }
}