{
  "timestamp": "2020-05-01T13:39:07Z",
  "version": "1.5.2",
  "hash": "0c4722f4",
  "cloud": {
    "auth_type": "ES256",
    "config": {
      "static_file": "config.json"
    }
  },
  "system": {
    "tags": [ ],
    "location": {
      "section": "2-3N8C"
    },
    "physical_tag": {
      "asset": {
        "guid": "drw://TBB",
        "site": "ZZ-TRI-FECTA",
        "name": "GAT-123"
      }
    },
    "min_loglevel": 300
  },
  "gateway": {
    "proxy_ids": [ "SNS-4", "AHU-22" ]
  }
}