{
  "timestamp": "2020-05-01T13:39:07Z",
  "version": "1.4.1",
  "hash": "2a72b8e7",
  "system": {
    "location": {
      "site": "ZZ-TRI-FECTA",
      "section": "2-3N8C",
      "position": {
        "x": -111.0,
        "y": 102.3
      }
    },
    "physical_tag": {
      "asset": {
        "guid": "drw://TBD",
        "site": "ZZ-TRI-FECTA",
        "name": "AHU-22"
      }
    },
    "min_loglevel": 300
  },
  "gateway": {
    "gateway_id": "GAT-123",
    "proxy_ids": [ ]
  },
  "localnet": {
    "families": {
      "virtual": {
        "addr": "0x65"
      }
    }
  },
  "pointset": {
    "points": {
      "filter_alarm_pressure_status": {
        "units": "No-units",
        "ref": "BV11.present_value"
      },
      "filter_differential_pressure": {
        "units": "Bars"
      },
      "filter_differential_pressure_sensor": {
        "units": "Degrees-Celsius",
        "ref": "AV12.present_value"
      }
    }
  }
}