Validating 1 schemas
  Validating 1 files against event_pointset.json
    Against input event_pointset.tests/empty.json
      1 schema violations found
        object has missing required properties (["points","timestamp","version"])
