{
  "timestamp": "2020-05-01T13:39:07Z",
  "version": 1,
  "system": {
    "min_loglevel": 300,
    "metrics_rate_sec": 10
  },
  "gateway": {
    "proxy_ids": [ ]
  },
  "pointset": {
    "points": {
      "globulating_globar": {
        "units": "Bars"
      }
    }
  },
  "downgraded_from": "1.4.1"
}