4 schema violations found
  /families/bacnet: object has missing required properties (["addr"])
  /families/bacnet: object instance has properties which are not allowed by the schema: ["id"]
  /families/mac: object instance has properties which are not allowed by the schema: ["group"]
  object instance has properties which are not allowed by the schema: ["addr","id","rabbits","uniqs"]
